{"names":[{"submittedName":"Humbert humbert","acceptedName":"","score":0,"matchedName":"","annotations":{},"uri":""},{"submittedName":"Eutamias minimus","acceptedName":"Tamias minimus","score":0.5,"matchedName":"Eutamias minimus","annotations":{"TSN":"180195","originalTSN":"180144"},"uri":"http://www.itis.gov/servlet/SingleRpt/SingleRpt?search_topic=TSN&search_value=180195"},{"submittedName":"Abra cadabra","acceptedName":"","score":0,"matchedName":"","annotations":{},"uri":""},{"submittedName":"Agra dable","acceptedName":"","score":0,"matchedName":"","annotations":{},"uri":""},{"submittedName":"Agra vation","acceptedName":"","score":0,"matchedName":"","annotations":{},"uri":""},{"submittedName":"Agra phobia","acceptedName":"","score":0,"matchedName":"","annotations":{},"uri":""},{"submittedName":"Apopyllus","acceptedName":"Apopyllus","score":0.5,"matchedName":"Apopyllus","annotations":{"TSN":"871657","originalTSN":"871657"},"uri":"http://www.itis.gov/servlet/SingleRpt/SingleRpt?search_topic=TSN&search_value=871657"},{"submittedName":"Ba humbugi Solem, 1983 (endodontoid snail) from Mba island, Fiji.","acceptedName":"","score":0,"matchedName":"","annotations":{},"uri":""},{"submittedName":"Bombylius aureocookae","acceptedName":"Bombylius aureocookae","score":0.5,"matchedName":"Bombylius aureocookae","annotations":{"TSN":"134437","originalTSN":"134437"},"uri":"http://www.itis.gov/servlet/SingleRpt/SingleRpt?search_topic=TSN&search_value=134437"},{"submittedName":"Carmenelectra shechisme","acceptedName":"","score":0,"matchedName":"","annotations":{},"uri":""},{"submittedName":"Cindarella eucalla","acceptedName":"","score":0,"matchedName":"","annotations":{},"uri":""},{"submittedName":"Cyclocephala nodanotherwon","acceptedName":"","score":0,"matchedName":"","annotations":{},"uri":""},{"submittedName":"Daphoenus demilo","acceptedName":"","score":0,"matchedName":"","annotations":{},"uri":""},{"submittedName":"Desmatoneura jambalaia","acceptedName":"","score":0,"matchedName":"","annotations":{},"uri":""},{"submittedName":"Dissup irae","acceptedName":"","score":0,"matchedName":"","annotations":{},"uri":""},{"submittedName":"Eubetia bigaulae","acceptedName":"","score":0,"matchedName":"","annotations":{},"uri":""},{"submittedName":"Eurygenius","acceptedName":"Eurygenius","score":0.5,"matchedName":"Eurygenius","annotations":{"TSN":"685144","originalTSN":"685144"},"uri":"http://www.itis.gov/servlet/SingleRpt/SingleRpt?search_topic=TSN&search_value=685144"},{"submittedName":"Gelae baen","acceptedName":"","score":0,"matchedName":"","annotations":{},"uri":""},{"submittedName":"Gelae belae","acceptedName":"","score":0,"matchedName":"","annotations":{},"uri":""},{"submittedName":"Gelae donut","acceptedName":"","score":0,"matchedName":"","annotations":{},"uri":""},{"submittedName":"Gelae fish","acceptedName":"","score":0,"matchedName":"","annotations":{},"uri":""},{"submittedName":"Gelae rol","acceptedName":"","score":0,"matchedName":"","annotations":{},"uri":""},{"submittedName":"Gressittia titsadaysi","acceptedName":"","score":0,"matchedName":"","annotations":{},"uri":""},{"submittedName":"Heerz lukenatcha","acceptedName":"","score":0,"matchedName":"","annotations":{},"uri":""},{"submittedName":"La paloma","acceptedName":"","score":0,"matchedName":"","annotations":{},"uri":""},{"submittedName":"Lalapa lusa","acceptedName":"","score":0,"matchedName":"","annotations":{},"uri":""},{"submittedName":"Ohmyia omya","acceptedName":"","score":0,"matchedName":"","annotations":{},"uri":""},{"submittedName":"Pieza deresistans","acceptedName":"","score":0,"matchedName":"","annotations":{},"uri":""},{"submittedName":"Pieza rhea","acceptedName":"","score":0,"matchedName":"","annotations":{},"uri":""},{"submittedName":"Pison eyvae","acceptedName":"","score":0,"matchedName":"","annotations":{},"uri":""},{"submittedName":"Aphanus rolandri","acceptedName":"","score":0,"matchedName":"","annotations":{},"uri":""},{"submittedName":"Enema pan","acceptedName":"","score":0,"matchedName":"","annotations":{},"uri":""},{"submittedName":"Eremobates inyoanus","acceptedName":"Eremobates inyoanus","score":0.5,"matchedName":"Eremobates inyoanus","annotations":{"TSN":"745834","originalTSN":"745834"},"uri":"http://www.itis.gov/servlet/SingleRpt/SingleRpt?search_topic=TSN&search_value=745834"},{"submittedName":"Labia minor","acceptedName":"Labia minor","score":0.5,"matchedName":"Labia minor","annotations":{"TSN":"666102","originalTSN":"666102"},"uri":"http://www.itis.gov/servlet/SingleRpt/SingleRpt?search_topic=TSN&search_value=666102"},{"submittedName":"Narcissus assoanus","acceptedName":"Narcissus assoanus","score":0.5,"matchedName":"Narcissus assoanus","annotations":{"TSN":"565316","originalTSN":"565316"},"uri":"http://www.itis.gov/servlet/SingleRpt/SingleRpt?search_topic=TSN&search_value=565316"},{"submittedName":"Natica josephine","acceptedName":"","score":0,"matchedName":"","annotations":{},"uri":""},{"submittedName":"Orgia nova","acceptedName":"","score":0,"matchedName":"","annotations":{},"uri":""},{"submittedName":"Peniculus asinus","acceptedName":"Peniculus asinus","score":0.5,"matchedName":"Peniculus asinus","annotations":{"TSN":"667790","originalTSN":"667790"},"uri":"http://www.itis.gov/servlet/SingleRpt/SingleRpt?search_topic=TSN&search_value=667790"},{"submittedName":"Pison eu","acceptedName":"","score":0,"matchedName":"","annotations":{},"uri":""},{"submittedName":"Pinus rigida","acceptedName":"Pinus rigida","score":0.5,"matchedName":"Pinus rigida","annotations":{"TSN":"183376","originalTSN":"183376"},"uri":"http://www.itis.gov/servlet/SingleRpt/SingleRpt?search_topic=TSN&search_value=183376"},{"submittedName":"Pinus flexilis","acceptedName":"Pinus flexilis","score":0.5,"matchedName":"Pinus flexilis","annotations":{"TSN":"183343","originalTSN":"183343"},"uri":"http://www.itis.gov/servlet/SingleRpt/SingleRpt?search_topic=TSN&search_value=183343"}],"status":200,"errorMessage":""}